../Core/Src/eeprom_25lc256.c:22:20:EEPROM_CS_Low	8	static
../Core/Src/eeprom_25lc256.c:27:20:EEPROM_CS_High	8	static
../Core/Src/eeprom_25lc256.c:33:16:SPI_TxRxByte	32	static
../Core/Src/eeprom_25lc256.c:42:13:EEPROM_WriteEnable	8	static
../Core/Src/eeprom_25lc256.c:51:16:EEPROM_ReadStatus	16	static
../Core/Src/eeprom_25lc256.c:64:13:EEPROM_WaitWriteComplete	24	static
../Core/Src/eeprom_25lc256.c:81:6:EEPROM_Init	8	static
../Core/Src/eeprom_25lc256.c:89:13:EEPROM_WritePage	16	static
../Core/Src/eeprom_25lc256.c:115:6:EEPROM_WriteBytes	32	static
../Core/Src/eeprom_25lc256.c:150:6:EEPROM_ReadBytes	16	static
